2025-10-30 15:57 +05:30: 🔄 Enhanced System Monitor: Continuous monitoring started
2025-10-30 15:57 +05:30: ✅ Enhanced System Monitor: Connected to PM2
2025-10-30 15:57 +05:30: 🔄 Enhanced System Monitor: Continuous monitoring started
2025-10-30 15:57 +05:30: ✅ Enhanced System Monitor: Connected to PM2
2025-10-30 15:57 +05:30: 🔄 Enhanced System Monitor: Continuous monitoring started
2025-10-30 15:57 +05:30: ✅ Enhanced System Monitor: Connected to PM2
2025-10-30 15:57 +05:30: 🔄 Enhanced System Monitor: Continuous monitoring started
2025-10-30 15:57 +05:30: ✅ Enhanced System Monitor: Connected to PM2
2025-10-30 15:57 +05:30: 🔄 Enhanced System Monitor: Continuous monitoring started
2025-10-30 15:57 +05:30: ✅ Enhanced System Monitor: Connected to PM2
2025-10-30 15:57 +05:30: 🔄 Enhanced System Monitor: Continuous monitoring started
2025-10-30 15:57 +05:30: ✅ Enhanced System Monitor: Connected to PM2
2025-10-30 15:57 +05:30: 🔄 Enhanced System Monitor: Continuous monitoring started
2025-10-30 15:57 +05:30: ✅ Enhanced System Monitor: Connected to PM2
2025-10-30 15:57 +05:30: 🔄 Enhanced System Monitor: Continuous monitoring started
2025-10-30 15:57 +05:30: ✅ Enhanced System Monitor: Connected to PM2
2025-10-30 15:57 +05:30: 🔄 Enhanced System Monitor: Continuous monitoring started
2025-10-30 15:57 +05:30: ✅ Enhanced System Monitor: Connected to PM2
2025-10-30 15:57 +05:30: 🔄 Enhanced System Monitor: Continuous monitoring started
2025-10-30 15:57 +05:30: ✅ Enhanced System Monitor: Connected to PM2
2025-10-30 15:58 +05:30: 🔄 Enhanced System Monitor: Continuous monitoring started
2025-10-30 15:58 +05:30: ✅ Enhanced System Monitor: Connected to PM2
2025-10-30 15:58 +05:30: 🔄 Enhanced System Monitor: Continuous monitoring started
2025-10-30 15:58 +05:30: ✅ Enhanced System Monitor: Connected to PM2
2025-10-30 15:58 +05:30: 🔄 Enhanced System Monitor: Continuous monitoring started
2025-10-30 15:58 +05:30: ✅ Enhanced System Monitor: Connected to PM2
2025-10-30 15:58 +05:30: 🔄 Enhanced System Monitor: Continuous monitoring started
2025-10-30 15:58 +05:30: ✅ Enhanced System Monitor: Connected to PM2
2025-10-30 15:58 +05:30: 🔄 Enhanced System Monitor: Continuous monitoring started
2025-10-30 15:58 +05:30: ✅ Enhanced System Monitor: Connected to PM2
2025-10-30 15:58 +05:30: 🔄 Enhanced System Monitor: Continuous monitoring started
2025-10-30 15:58 +05:30: ✅ Enhanced System Monitor: Connected to PM2
2025-10-30 15:58 +05:30: 🔄 Enhanced System Monitor: Continuous monitoring started
2025-10-30 15:58 +05:30: ✅ Enhanced System Monitor: Connected to PM2
2025-10-30 15:58 +05:30: 🔄 Enhanced System Monitor: Continuous monitoring started
2025-10-30 15:59 +05:30: ✅ Enhanced System Monitor: Connected to PM2
2025-10-30 15:59 +05:30: 🔄 Enhanced System Monitor: Continuous monitoring started
2025-10-30 15:59 +05:30: ✅ Enhanced System Monitor: Connected to PM2
2025-10-30 15:59 +05:30: 🔄 Enhanced System Monitor: Continuous monitoring started
2025-10-30 15:59 +05:30: ✅ Enhanced System Monitor: Connected to PM2
2025-10-30 16:11 +05:30: 🔄 Enhanced System Monitor: Continuous monitoring started
2025-10-30 16:11 +05:30: ✅ Enhanced System Monitor: Connected to PM2
2025-10-30 16:11 +05:30: ✅ Database connected successfully
2025-10-30 16:11 +05:30: 🔄 Enhanced System Monitor: Continuous monitoring started
2025-10-30 16:11 +05:30: ✅ Enhanced System Monitor: Connected to PM2
2025-10-30 16:11 +05:30: ✅ Database connected successfully
2025-10-30 16:11 +05:30: 🔄 Enhanced System Monitor: Continuous monitoring started
2025-10-30 16:11 +05:30: ✅ Enhanced System Monitor: Connected to PM2
2025-10-30 16:11 +05:30: ✅ Database connected successfully
2025-10-30 16:11 +05:30: 🔄 Enhanced System Monitor: Continuous monitoring started
2025-10-30 16:11 +05:30: ✅ Enhanced System Monitor: Connected to PM2
2025-10-30 16:11 +05:30: ✅ Database connected successfully
2025-10-30 16:11 +05:30: 🔄 Enhanced System Monitor: Continuous monitoring started
2025-10-30 16:11 +05:30: ✅ Enhanced System Monitor: Connected to PM2
2025-10-30 16:11 +05:30: ✅ Database connected successfully
2025-10-30 16:11 +05:30: 🔄 Enhanced System Monitor: Continuous monitoring started
2025-10-30 16:11 +05:30: ✅ Enhanced System Monitor: Connected to PM2
2025-10-30 16:11 +05:30: ✅ Database connected successfully
2025-10-30 16:11 +05:30: 🔄 Enhanced System Monitor: Continuous monitoring started
2025-10-30 16:11 +05:30: ✅ Enhanced System Monitor: Connected to PM2
2025-10-30 16:11 +05:30: ✅ Database connected successfully
2025-10-30 16:11 +05:30: 🔄 Enhanced System Monitor: Continuous monitoring started
2025-10-30 16:11 +05:30: ✅ Enhanced System Monitor: Connected to PM2
2025-10-30 16:11 +05:30: ✅ Database connected successfully
2025-10-30 16:11 +05:30: 🔄 Enhanced System Monitor: Continuous monitoring started
2025-10-30 16:11 +05:30: ✅ Enhanced System Monitor: Connected to PM2
2025-10-30 16:11 +05:30: ✅ Database connected successfully
2025-10-30 16:11 +05:30: 🔄 Enhanced System Monitor: Continuous monitoring started
2025-10-30 16:11 +05:30: ✅ Enhanced System Monitor: Connected to PM2
2025-10-30 16:11 +05:30: ✅ Database connected successfully
2025-10-30 16:13 +05:30: 🔄 Enhanced System Monitor: Continuous monitoring started
2025-10-30 16:13 +05:30: ✅ Enhanced System Monitor: Connected to PM2
2025-10-30 16:13 +05:30: ✅ Database connected successfully
2025-10-30 16:13 +05:30: 🔄 Enhanced System Monitor: Continuous monitoring started
2025-10-30 16:13 +05:30: ✅ Enhanced System Monitor: Connected to PM2
2025-10-30 16:13 +05:30: ✅ Database connected successfully
2025-10-30 16:13 +05:30: 🔄 Enhanced System Monitor: Continuous monitoring started
2025-10-30 16:13 +05:30: ✅ Enhanced System Monitor: Connected to PM2
2025-10-30 16:13 +05:30: ✅ Database connected successfully
2025-10-30 16:13 +05:30: 🔄 Enhanced System Monitor: Continuous monitoring started
2025-10-30 16:13 +05:30: ✅ Enhanced System Monitor: Connected to PM2
2025-10-30 16:13 +05:30: ✅ Database connected successfully
2025-10-30 16:13 +05:30: 🔄 Enhanced System Monitor: Continuous monitoring started
2025-10-30 16:13 +05:30: ✅ Enhanced System Monitor: Connected to PM2
2025-10-30 16:13 +05:30: ✅ Database connected successfully
2025-10-30 16:13 +05:30: 🔄 Enhanced System Monitor: Continuous monitoring started
2025-10-30 16:13 +05:30: ✅ Enhanced System Monitor: Connected to PM2
2025-10-30 16:13 +05:30: ✅ Database connected successfully
2025-10-30 16:13 +05:30: 🔄 Enhanced System Monitor: Continuous monitoring started
2025-10-30 16:13 +05:30: ✅ Enhanced System Monitor: Connected to PM2
2025-10-30 16:13 +05:30: ✅ Database connected successfully
2025-10-30 16:13 +05:30: 🔄 Enhanced System Monitor: Continuous monitoring started
2025-10-30 16:13 +05:30: ✅ Enhanced System Monitor: Connected to PM2
2025-10-30 16:13 +05:30: ✅ Database connected successfully
2025-10-30 16:13 +05:30: 🔄 Enhanced System Monitor: Continuous monitoring started
2025-10-30 16:13 +05:30: ✅ Enhanced System Monitor: Connected to PM2
2025-10-30 16:13 +05:30: ✅ Database connected successfully
2025-10-30 16:13 +05:30: 🔄 Enhanced System Monitor: Continuous monitoring started
2025-10-30 16:13 +05:30: ✅ Enhanced System Monitor: Connected to PM2
2025-10-30 16:13 +05:30: ✅ Database connected successfully
2025-10-30 16:13 +05:30: 🔄 Enhanced System Monitor: Continuous monitoring started
2025-10-30 16:13 +05:30: ✅ Enhanced System Monitor: Connected to PM2
2025-10-30 16:13 +05:30: ✅ Database connected successfully
2025-10-30 16:13 +05:30: 🔄 Enhanced System Monitor: Continuous monitoring started
2025-10-30 16:13 +05:30: ✅ Enhanced System Monitor: Connected to PM2
2025-10-30 16:13 +05:30: ✅ Database connected successfully
2025-10-30 16:13 +05:30: 🔄 Enhanced System Monitor: Continuous monitoring started
2025-10-30 16:13 +05:30: ✅ Enhanced System Monitor: Connected to PM2
2025-10-30 16:13 +05:30: ✅ Database connected successfully
2025-10-30 16:13 +05:30: 🔄 Enhanced System Monitor: Continuous monitoring started
2025-10-30 16:13 +05:30: ✅ Enhanced System Monitor: Connected to PM2
2025-10-30 16:13 +05:30: ✅ Database connected successfully
2025-10-30 16:13 +05:30: 🔄 Enhanced System Monitor: Continuous monitoring started
2025-10-30 16:13 +05:30: ✅ Enhanced System Monitor: Connected to PM2
2025-10-30 16:13 +05:30: ✅ Database connected successfully
2025-10-30 16:13 +05:30: 🔄 Enhanced System Monitor: Continuous monitoring started
2025-10-30 16:13 +05:30: ✅ Enhanced System Monitor: Connected to PM2
2025-10-30 16:13 +05:30: ✅ Database connected successfully
2025-10-30 16:13 +05:30: 🔄 Enhanced System Monitor: Continuous monitoring started
2025-10-30 16:13 +05:30: ✅ Enhanced System Monitor: Connected to PM2
2025-10-30 16:13 +05:30: ✅ Database connected successfully
2025-10-30 16:13 +05:30: 🔄 Enhanced System Monitor: Continuous monitoring started
2025-10-30 16:13 +05:30: ✅ Enhanced System Monitor: Connected to PM2
2025-10-30 16:13 +05:30: ✅ Database connected successfully
2025-10-30 16:13 +05:30: 🔄 Enhanced System Monitor: Continuous monitoring started
2025-10-30 16:13 +05:30: ✅ Enhanced System Monitor: Connected to PM2
2025-10-30 16:13 +05:30: ✅ Database connected successfully
2025-10-30 16:13 +05:30: 🔄 Enhanced System Monitor: Continuous monitoring started
2025-10-30 16:13 +05:30: ✅ Enhanced System Monitor: Connected to PM2
2025-10-30 16:13 +05:30: ✅ Database connected successfully
2025-10-30 16:16 +05:30: 🔄 Enhanced System Monitor: Continuous monitoring started
2025-10-30 16:16 +05:30: ✅ Enhanced System Monitor: Connected to PM2
2025-10-30 16:16 +05:30: ✅ Database connected successfully
2025-10-30 16:16 +05:30: 🚀 CMSCRM Backend Server running on http://192.168.31.65:5000
2025-10-30 16:16 +05:30: 📊 Environment: development
2025-10-30 16:16 +05:30: 🔗 Health Check: http://192.168.31.65:5000/health
2025-10-30 16:16 +05:30: 📚 API Base: http://192.168.31.65:5000/api
2025-10-30 16:16 +05:30: [0mOPTIONS /api/system/performance [32m204[0m 1.655 ms - 0[0m
2025-10-30 16:16 +05:30: [0mOPTIONS /api/system/cpu [32m204[0m 0.137 ms - 0[0m
2025-10-30 16:16 +05:30: [0mOPTIONS /api/system/memory [32m204[0m 0.118 ms - 0[0m
2025-10-30 16:16 +05:30: [0mOPTIONS /api/system/info [32m204[0m 0.191 ms - 0[0m
2025-10-30 16:16 +05:30: [0mOPTIONS /api/system/processes [32m204[0m 0.083 ms - 0[0m
2025-10-30 16:16 +05:30: [0mOPTIONS /api/system/health [32m204[0m 0.080 ms - 0[0m
2025-10-30 16:16 +05:30: [0mOPTIONS /api/system/network [32m204[0m 0.087 ms - 0[0m
2025-10-30 16:16 +05:30: [0mOPTIONS /api/system/process-stats [32m204[0m 0.146 ms - 0[0m
2025-10-30 16:16 +05:30: [0mGET /api/system/performance [32m200[0m 35.658 ms - -[0m
2025-10-30 16:16 +05:30: [0mGET /api/system/memory [32m200[0m 38.124 ms - 296[0m
2025-10-30 16:16 +05:30: [0mGET /api/system/info [32m200[0m 41.101 ms - 525[0m
2025-10-30 16:16 +05:30: [0mGET /api/system/health [32m200[0m 38.736 ms - 114[0m
2025-10-30 16:16 +05:30: [0mGET /api/system/cpu [32m200[0m 43.387 ms - -[0m
2025-10-30 16:16 +05:30: [0mGET /api/system/network [36m304[0m 10.122 ms - -[0m
2025-10-30 16:16 +05:30: [0mGET /api/system/process-stats [32m200[0m 2.752 ms - 814[0m
2025-10-30 16:16 +05:30: [0mGET /api/system/processes [32m200[0m 210.807 ms - -[0m
2025-10-30 16:16 +05:30: [0mOPTIONS /api/system/performance [32m204[0m 0.541 ms - 0[0m
2025-10-30 16:16 +05:30: [0mOPTIONS /api/system/cpu [32m204[0m 0.317 ms - 0[0m
2025-10-30 16:16 +05:30: [0mOPTIONS /api/system/memory [32m204[0m 0.278 ms - 0[0m
2025-10-30 16:16 +05:30: [0mOPTIONS /api/system/info [32m204[0m 0.297 ms - 0[0m
2025-10-30 16:16 +05:30: [0mOPTIONS /api/system/processes [32m204[0m 0.225 ms - 0[0m
2025-10-30 16:16 +05:30: [0mOPTIONS /api/system/health [32m204[0m 0.249 ms - 0[0m
2025-10-30 16:16 +05:30: [0mGET /api/system/memory [32m200[0m 31.974 ms - 297[0m
2025-10-30 16:16 +05:30: [0mGET /api/system/info [32m200[0m 30.713 ms - 527[0m
2025-10-30 16:16 +05:30: [0mOPTIONS /api/system/network [32m204[0m 0.168 ms - 0[0m
2025-10-30 16:16 +05:30: [0mOPTIONS /api/system/process-stats [32m204[0m 0.152 ms - 0[0m
2025-10-30 16:16 +05:30: [0mGET /api/system/performance [32m200[0m 40.654 ms - -[0m
2025-10-30 16:16 +05:30: [0mGET /api/system/cpu [32m200[0m 35.324 ms - -[0m
2025-10-30 16:16 +05:30: [0mGET /api/system/health [32m200[0m 10.447 ms - 376[0m
2025-10-30 16:16 +05:30: [0mGET /api/system/network [36m304[0m 17.869 ms - -[0m
2025-10-30 16:16 +05:30: [0mGET /api/system/process-stats [32m200[0m 17.023 ms - 815[0m
2025-10-30 16:16 +05:30: [0mGET /api/system/processes [32m200[0m 247.595 ms - -[0m
2025-10-30 16:16 +05:30: 🔄 Enhanced System Monitor: Continuous monitoring started
2025-10-30 16:16 +05:30: ✅ Enhanced System Monitor: Connected to PM2
2025-10-30 16:16 +05:30: ✅ Database connected successfully
2025-10-30 16:16 +05:30: 🚀 CMSCRM Backend Server running on http://192.168.31.65:5000
2025-10-30 16:16 +05:30: 📊 Environment: development
2025-10-30 16:16 +05:30: 🔗 Health Check: http://192.168.31.65:5000/health
2025-10-30 16:16 +05:30: 📚 API Base: http://192.168.31.65:5000/api
2025-10-30 16:17 +05:30: [0mOPTIONS /api/system/performance [32m204[0m 1.665 ms - 0[0m
2025-10-30 16:17 +05:30: [0mOPTIONS /api/system/cpu [32m204[0m 0.196 ms - 0[0m
2025-10-30 16:17 +05:30: [0mOPTIONS /api/system/memory [32m204[0m 0.145 ms - 0[0m
2025-10-30 16:17 +05:30: [0mOPTIONS /api/system/info [32m204[0m 0.095 ms - 0[0m
2025-10-30 16:17 +05:30: [0mOPTIONS /api/system/processes [32m204[0m 0.098 ms - 0[0m
2025-10-30 16:17 +05:30: [0mOPTIONS /api/system/health [32m204[0m 0.108 ms - 0[0m
2025-10-30 16:17 +05:30: [0mOPTIONS /api/system/network [32m204[0m 0.109 ms - 0[0m
2025-10-30 16:17 +05:30: [0mOPTIONS /api/system/process-stats [32m204[0m 0.110 ms - 0[0m
2025-10-30 16:17 +05:30: [0mGET /api/system/performance [32m200[0m 34.791 ms - -[0m
2025-10-30 16:17 +05:30: [0mGET /api/system/info [32m200[0m 40.185 ms - 527[0m
2025-10-30 16:17 +05:30: [0mGET /api/system/memory [32m200[0m 45.663 ms - 296[0m
2025-10-30 16:17 +05:30: [0mGET /api/system/health [32m200[0m 40.836 ms - 269[0m
2025-10-30 16:17 +05:30: [0mGET /api/system/network [36m304[0m 19.277 ms - -[0m
2025-10-30 16:17 +05:30: [0mGET /api/system/cpu [32m200[0m 50.522 ms - -[0m
2025-10-30 16:17 +05:30: [0mGET /api/system/process-stats [32m200[0m 4.127 ms - 815[0m
2025-10-30 16:17 +05:30: [0mGET /api/system/processes [32m200[0m 193.513 ms - -[0m
2025-10-30 16:17 +05:30: [0mOPTIONS /api/system/performance [32m204[0m 1.274 ms - 0[0m
2025-10-30 16:17 +05:30: [0mOPTIONS /api/system/cpu [32m204[0m 0.692 ms - 0[0m
2025-10-30 16:17 +05:30: [0mOPTIONS /api/system/memory [32m204[0m 0.207 ms - 0[0m
2025-10-30 16:17 +05:30: [0mOPTIONS /api/system/info [32m204[0m 0.296 ms - 0[0m
2025-10-30 16:17 +05:30: [0mOPTIONS /api/system/processes [32m204[0m 0.579 ms - 0[0m
2025-10-30 16:17 +05:30: [0mOPTIONS /api/system/health [32m204[0m 0.306 ms - 0[0m
2025-10-30 16:17 +05:30: [0mOPTIONS /api/system/process-stats [32m204[0m 0.222 ms - 0[0m
2025-10-30 16:17 +05:30: [0mOPTIONS /api/system/network [32m204[0m 0.394 ms - 0[0m
2025-10-30 16:17 +05:30: [0mGET /api/system/performance [32m200[0m 40.109 ms - -[0m
2025-10-30 16:17 +05:30: [0mGET /api/system/memory [32m200[0m 26.247 ms - 296[0m
2025-10-30 16:17 +05:30: [0mGET /api/system/info [32m200[0m 30.496 ms - 526[0m
2025-10-30 16:17 +05:30: [0mGET /api/system/health [32m200[0m 26.989 ms - 269[0m
2025-10-30 16:17 +05:30: [0mGET /api/system/process-stats [32m200[0m 28.310 ms - 816[0m
2025-10-30 16:17 +05:30: [0mGET /api/system/cpu [32m200[0m 24.970 ms - -[0m
2025-10-30 16:17 +05:30: [0mGET /api/system/network [36m304[0m 43.799 ms - -[0m
2025-10-30 16:17 +05:30: [0mGET /api/system/processes [0m-[0m - ms - -[0m
2025-10-30 16:17 +05:30: [0mOPTIONS /api/pages/my-pages?params%5B_t%5D=1761821244130 [32m204[0m 0.110 ms - 0[0m
2025-10-30 16:17 +05:30: [0mGET /api/system/memory [32m200[0m 37.430 ms - 296[0m
2025-10-30 16:17 +05:30: [0mGET /api/system/info [32m200[0m 37.070 ms - 527[0m
2025-10-30 16:17 +05:30: [0mGET /api/system/cpu [32m200[0m 14.496 ms - -[0m
2025-10-30 16:17 +05:30: [0mGET /api/system/performance [32m200[0m 41.746 ms - -[0m
2025-10-30 16:17 +05:30: [0mGET /api/system/health [32m200[0m 15.197 ms - 376[0m
2025-10-30 16:17 +05:30: [0mOPTIONS /api/pages/my-pages?params%5B_t%5D=1761821244134 [32m204[0m 0.241 ms - 0[0m
2025-10-30 16:17 +05:30: [0mGET /api/system/network [32m200[0m 23.537 ms - 276[0m
2025-10-30 16:17 +05:30: [0mGET /api/system/process-stats [32m200[0m 24.918 ms - 816[0m
2025-10-30 16:17 +05:30: [0mGET /api/system/memory [32m200[0m 17.514 ms - 296[0m
2025-10-30 16:17 +05:30: [0mGET /api/system/info [32m200[0m 16.756 ms - 527[0m
2025-10-30 16:17 +05:30: [0mGET /api/pages/my-pages?params%5B_t%5D=1761821244130 [32m200[0m 100.119 ms - -[0m
2025-10-30 16:17 +05:30: [0mGET /api/system/cpu [32m200[0m 14.969 ms - -[0m
2025-10-30 16:17 +05:30: [0mGET /api/system/health [32m200[0m 28.835 ms - 376[0m
2025-10-30 16:17 +05:30: [0mGET /api/system/performance [32m200[0m 34.655 ms - -[0m
2025-10-30 16:17 +05:30: [0mGET /api/system/network [36m304[0m 16.047 ms - -[0m
2025-10-30 16:17 +05:30: [0mGET /api/pages/my-pages?params%5B_t%5D=1761821244134 [32m200[0m 25.324 ms - -[0m
2025-10-30 16:17 +05:30: [0mGET /api/system/process-stats [32m200[0m 6.425 ms - 815[0m
2025-10-30 16:17 +05:30: [0mGET /api/system/processes [32m200[0m 331.441 ms - -[0m
2025-10-30 16:17 +05:30: [0mGET /api/system/processes [32m200[0m 178.993 ms - -[0m
2025-10-30 16:17 +05:30: [0mOPTIONS /api/system/performance [32m204[0m 0.155 ms - 0[0m
2025-10-30 16:17 +05:30: [0mOPTIONS /api/system/cpu [32m204[0m 0.138 ms - 0[0m
2025-10-30 16:17 +05:30: [0mOPTIONS /api/system/memory [32m204[0m 0.161 ms - 0[0m
2025-10-30 16:17 +05:30: [0mGET /api/system/memory [32m200[0m 19.551 ms - 296[0m
2025-10-30 16:17 +05:30: [0mGET /api/system/performance [32m200[0m 22.414 ms - -[0m
2025-10-30 16:17 +05:30: [0mGET /api/system/cpu [32m200[0m 21.026 ms - -[0m
2025-10-30 16:17 +05:30: [0mPOST /api/auth/logout [33m401[0m 1.480 ms - 81[0m
2025-10-30 16:18 +05:30: [0mOPTIONS /api/system/performance [32m204[0m 0.099 ms - 0[0m
2025-10-30 16:18 +05:30: [0mOPTIONS /api/system/cpu [32m204[0m 0.097 ms - 0[0m
2025-10-30 16:18 +05:30: [0mOPTIONS /api/system/memory [32m204[0m 0.075 ms - 0[0m
2025-10-30 16:18 +05:30: [0mOPTIONS /api/system/info [32m204[0m 0.073 ms - 0[0m
2025-10-30 16:18 +05:30: [0mOPTIONS /api/system/processes [32m204[0m 0.083 ms - 0[0m
2025-10-30 16:18 +05:30: [0mOPTIONS /api/system/health [32m204[0m 0.076 ms - 0[0m
2025-10-30 16:18 +05:30: [0mOPTIONS /api/system/network [32m204[0m 0.085 ms - 0[0m
2025-10-30 16:18 +05:30: [0mOPTIONS /api/system/process-stats [32m204[0m 0.110 ms - 0[0m
2025-10-30 16:18 +05:30: [0mGET /api/system/memory [32m200[0m 9.001 ms - 297[0m
2025-10-30 16:18 +05:30: [0mGET /api/system/info [32m200[0m 8.694 ms - 511[0m
2025-10-30 16:18 +05:30: [0mGET /api/system/performance [32m200[0m 19.385 ms - -[0m
2025-10-30 16:18 +05:30: [0mGET /api/system/cpu [32m200[0m 20.061 ms - -[0m
2025-10-30 16:18 +05:30: [0mGET /api/system/health [32m200[0m 6.343 ms - 376[0m
2025-10-30 16:18 +05:30: [0mGET /api/system/network [36m304[0m 12.186 ms - -[0m
2025-10-30 16:18 +05:30: [0mGET /api/system/process-stats [32m200[0m 11.557 ms - 816[0m
2025-10-30 16:18 +05:30: [0mGET /api/system/processes [32m200[0m 193.748 ms - -[0m
2025-10-30 16:18 +05:30: 🔄 Enhanced System Monitor: Continuous monitoring started
2025-10-30 16:18 +05:30: ✅ Enhanced System Monitor: Connected to PM2
2025-10-30 16:18 +05:30: ✅ Database connected successfully
2025-10-30 16:18 +05:30: 🚀 CMSCRM Backend Server running on http://192.168.31.65:5000
2025-10-30 16:18 +05:30: 📊 Environment: development
2025-10-30 16:18 +05:30: 🔗 Health Check: http://192.168.31.65:5000/health
2025-10-30 16:18 +05:30: 📚 API Base: http://192.168.31.65:5000/api
2025-10-30 16:18 +05:30: [0mGET /api [32m200[0m 4.361 ms - 351[0m
2025-10-30 16:19 +05:30: [0mOPTIONS /api/system/performance [32m204[0m 0.468 ms - 0[0m
2025-10-30 16:19 +05:30: [0mOPTIONS /api/system/cpu [32m204[0m 0.115 ms - 0[0m
2025-10-30 16:19 +05:30: [0mOPTIONS /api/system/memory [32m204[0m 0.094 ms - 0[0m
2025-10-30 16:19 +05:30: [0mOPTIONS /api/system/info [32m204[0m 0.176 ms - 0[0m
2025-10-30 16:19 +05:30: [0mOPTIONS /api/system/processes [32m204[0m 0.194 ms - 0[0m
2025-10-30 16:19 +05:30: [0mOPTIONS /api/system/health [32m204[0m 0.117 ms - 0[0m
2025-10-30 16:19 +05:30: [0mOPTIONS /api/system/network [32m204[0m 0.188 ms - 0[0m
2025-10-30 16:19 +05:30: [0mOPTIONS /api/system/process-stats [32m204[0m 0.177 ms - 0[0m
2025-10-30 16:19 +05:30: [0mGET /api/system/performance [32m200[0m 69.953 ms - -[0m
2025-10-30 16:19 +05:30: [0mGET /api/system/memory [32m200[0m 100.761 ms - 296[0m
2025-10-30 16:19 +05:30: [0mGET /api/system/info [32m200[0m 105.585 ms - 512[0m
2025-10-30 16:19 +05:30: [0mGET /api/system/network [36m304[0m 32.772 ms - -[0m
2025-10-30 16:19 +05:30: [0mGET /api/system/health [32m200[0m 116.329 ms - 376[0m
2025-10-30 16:19 +05:30: [0mGET /api/system/cpu [32m200[0m 102.368 ms - -[0m
2025-10-30 16:19 +05:30: [0mGET /api/system/process-stats [32m200[0m 7.977 ms - 816[0m
2025-10-30 16:19 +05:30: [0mGET /api/system/processes [32m200[0m 293.674 ms - -[0m
2025-10-30 16:20 +05:30: [0mOPTIONS /api/system/performance [32m204[0m 0.139 ms - 0[0m
2025-10-30 16:20 +05:30: [0mOPTIONS /api/system/cpu [32m204[0m 0.131 ms - 0[0m
2025-10-30 16:20 +05:30: [0mOPTIONS /api/system/memory [32m204[0m 0.113 ms - 0[0m
2025-10-30 16:20 +05:30: [0mOPTIONS /api/system/info [32m204[0m 0.097 ms - 0[0m
2025-10-30 16:20 +05:30: [0mOPTIONS /api/system/processes [32m204[0m 0.110 ms - 0[0m
2025-10-30 16:20 +05:30: [0mOPTIONS /api/system/health [32m204[0m 0.096 ms - 0[0m
2025-10-30 16:20 +05:30: [0mOPTIONS /api/system/network [32m204[0m 0.167 ms - 0[0m
2025-10-30 16:20 +05:30: [0mOPTIONS /api/system/process-stats [32m204[0m 0.099 ms - 0[0m
2025-10-30 16:20 +05:30: [0mGET /api/system/memory [32m200[0m 28.324 ms - 297[0m
2025-10-30 16:20 +05:30: [0mGET /api/system/info [32m200[0m 26.674 ms - 513[0m
2025-10-30 16:20 +05:30: [0mGET /api/system/health [32m200[0m 7.910 ms - 376[0m
2025-10-30 16:20 +05:30: [0mGET /api/system/performance [32m200[0m 31.284 ms - -[0m
2025-10-30 16:20 +05:30: [0mGET /api/system/cpu [32m200[0m 29.265 ms - -[0m
2025-10-30 16:20 +05:30: [0mGET /api/system/network [36m304[0m 12.368 ms - -[0m
2025-10-30 16:20 +05:30: [0mGET /api/system/process-stats [32m200[0m 11.464 ms - 817[0m
2025-10-30 16:20 +05:30: [0mGET /api/system/processes [32m200[0m 166.117 ms - -[0m
2025-10-30 16:20 +05:30: 🔄 Enhanced System Monitor: Continuous monitoring started
2025-10-30 16:20 +05:30: ✅ Enhanced System Monitor: Connected to PM2
2025-10-30 16:20 +05:30: ✅ Database connected successfully
2025-10-30 16:20 +05:30: 🚀 CMSCRM Backend Server running on http://192.168.31.65:5000
2025-10-30 16:20 +05:30: 📊 Environment: development
2025-10-30 16:20 +05:30: 🔗 Health Check: http://192.168.31.65:5000/health
2025-10-30 16:20 +05:30: 📚 API Base: http://192.168.31.65:5000/api
2025-10-30 16:21 +05:30: [0mOPTIONS /api/system/performance [32m204[0m 3.487 ms - 0[0m
2025-10-30 16:21 +05:30: [0mOPTIONS /api/system/cpu [32m204[0m 0.205 ms - 0[0m
2025-10-30 16:21 +05:30: [0mOPTIONS /api/system/memory [32m204[0m 0.123 ms - 0[0m
2025-10-30 16:21 +05:30: [0mOPTIONS /api/system/info [32m204[0m 0.107 ms - 0[0m
2025-10-30 16:21 +05:30: [0mOPTIONS /api/system/processes [32m204[0m 0.111 ms - 0[0m
2025-10-30 16:21 +05:30: [0mOPTIONS /api/system/health [32m204[0m 0.091 ms - 0[0m
2025-10-30 16:21 +05:30: [0mOPTIONS /api/system/network [32m204[0m 0.125 ms - 0[0m
2025-10-30 16:21 +05:30: [0mOPTIONS /api/system/process-stats [32m204[0m 0.106 ms - 0[0m
2025-10-30 16:21 +05:30: [0mGET /api/system/performance [32m200[0m 49.238 ms - -[0m
2025-10-30 16:21 +05:30: [0mGET /api/system/memory [32m200[0m 56.659 ms - 296[0m
2025-10-30 16:21 +05:30: [0mGET /api/system/info [32m200[0m 61.206 ms - 512[0m
2025-10-30 16:21 +05:30: [0mGET /api/system/health [32m200[0m 54.672 ms - 376[0m
2025-10-30 16:21 +05:30: [0mGET /api/system/cpu [32m200[0m 58.489 ms - -[0m
2025-10-30 16:21 +05:30: [0mGET /api/system/network [36m304[0m 27.454 ms - -[0m
2025-10-30 16:21 +05:30: [0mGET /api/system/process-stats [32m200[0m 23.251 ms - 815[0m
2025-10-30 16:21 +05:30: [0mGET /api/system/processes [32m200[0m 336.493 ms - -[0m
2025-10-30 16:22 +05:30: [0mOPTIONS /api/system/performance [32m204[0m 0.319 ms - 0[0m
2025-10-30 16:22 +05:30: [0mOPTIONS /api/system/cpu [32m204[0m 0.258 ms - 0[0m
2025-10-30 16:22 +05:30: [0mOPTIONS /api/system/memory [32m204[0m 0.234 ms - 0[0m
2025-10-30 16:22 +05:30: [0mOPTIONS /api/system/info [32m204[0m 0.171 ms - 0[0m
2025-10-30 16:22 +05:30: [0mOPTIONS /api/system/processes [32m204[0m 0.174 ms - 0[0m
2025-10-30 16:22 +05:30: [0mOPTIONS /api/system/health [32m204[0m 0.145 ms - 0[0m
2025-10-30 16:22 +05:30: [0mOPTIONS /api/system/network [32m204[0m 0.142 ms - 0[0m
2025-10-30 16:22 +05:30: [0mOPTIONS /api/system/process-stats [32m204[0m 0.147 ms - 0[0m
2025-10-30 16:22 +05:30: [0mGET /api/system/memory [32m200[0m 9.010 ms - 297[0m
2025-10-30 16:22 +05:30: [0mGET /api/system/info [32m200[0m 8.521 ms - 511[0m
2025-10-30 16:22 +05:30: [0mGET /api/system/performance [32m200[0m 26.398 ms - -[0m
2025-10-30 16:22 +05:30: [0mGET /api/system/health [32m200[0m 7.439 ms - 222[0m
2025-10-30 16:22 +05:30: [0mGET /api/system/cpu [32m200[0m 10.020 ms - -[0m
2025-10-30 16:22 +05:30: [0mGET /api/system/network [36m304[0m 9.143 ms - -[0m
2025-10-30 16:22 +05:30: [0mGET /api/system/process-stats [32m200[0m 9.401 ms - 815[0m
2025-10-30 16:22 +05:30: [0mGET /api/system/processes [32m200[0m 150.719 ms - -[0m
2025-10-30 16:23 +05:30: 🔄 Enhanced System Monitor: Continuous monitoring started
2025-10-30 16:23 +05:30: ✅ Enhanced System Monitor: Connected to PM2
2025-10-30 16:23 +05:30: ✅ Database connected successfully
2025-10-30 16:23 +05:30: 🚀 CMSCRM Backend Server running on http://192.168.31.65:5000
2025-10-30 16:23 +05:30: 📊 Environment: development
2025-10-30 16:23 +05:30: 🔗 Health Check: http://192.168.31.65:5000/health
2025-10-30 16:23 +05:30: 📚 API Base: http://192.168.31.65:5000/api
2025-10-30 16:23 +05:30: [0mOPTIONS /api/system/performance [32m204[0m 2.536 ms - 0[0m
2025-10-30 16:23 +05:30: [0mOPTIONS /api/system/cpu [32m204[0m 0.225 ms - 0[0m
2025-10-30 16:23 +05:30: [0mOPTIONS /api/system/memory [32m204[0m 0.250 ms - 0[0m
2025-10-30 16:23 +05:30: [0mOPTIONS /api/system/info [32m204[0m 0.136 ms - 0[0m
2025-10-30 16:23 +05:30: [0mOPTIONS /api/system/processes [32m204[0m 0.123 ms - 0[0m
2025-10-30 16:23 +05:30: [0mOPTIONS /api/system/health [32m204[0m 0.116 ms - 0[0m
2025-10-30 16:23 +05:30: [0mOPTIONS /api/system/network [32m204[0m 0.111 ms - 0[0m
2025-10-30 16:23 +05:30: [0mOPTIONS /api/system/process-stats [32m204[0m 0.092 ms - 0[0m
2025-10-30 16:23 +05:30: [0mGET /api/system/performance [32m200[0m 30.411 ms - -[0m
2025-10-30 16:23 +05:30: [0mGET /api/system/memory [32m200[0m 35.233 ms - 296[0m
2025-10-30 16:23 +05:30: [0mGET /api/system/health [32m200[0m 33.074 ms - 269[0m
2025-10-30 16:23 +05:30: [0mGET /api/system/info [32m200[0m 42.604 ms - 512[0m
2025-10-30 16:23 +05:30: [0mGET /api/system/cpu [32m200[0m 37.394 ms - -[0m
2025-10-30 16:23 +05:30: [0mGET /api/system/network [36m304[0m 13.149 ms - -[0m
2025-10-30 16:23 +05:30: [0mGET /api/system/process-stats [32m200[0m 11.419 ms - 814[0m
2025-10-30 16:23 +05:30: [0mGET /api/system/processes [32m200[0m 177.106 ms - 988[0m
2025-10-30 16:23 +05:30: 🔄 Enhanced System Monitor: Continuous monitoring started
2025-10-30 16:23 +05:30: ✅ Enhanced System Monitor: Connected to PM2
2025-10-30 16:23 +05:30: ✅ Database connected successfully
2025-10-30 16:23 +05:30: 🚀 CMSCRM Backend Server running on http://192.168.31.65:5000
2025-10-30 16:23 +05:30: 📊 Environment: development
2025-10-30 16:23 +05:30: 🔗 Health Check: http://192.168.31.65:5000/health
2025-10-30 16:23 +05:30: 📚 API Base: http://192.168.31.65:5000/api
2025-10-30 16:24 +05:30: [0mOPTIONS /api/system/performance [32m204[0m 2.549 ms - 0[0m
2025-10-30 16:24 +05:30: [0mOPTIONS /api/system/cpu [32m204[0m 0.291 ms - 0[0m
2025-10-30 16:24 +05:30: [0mOPTIONS /api/system/memory [32m204[0m 0.169 ms - 0[0m
2025-10-30 16:24 +05:30: [0mOPTIONS /api/system/info [32m204[0m 0.126 ms - 0[0m
2025-10-30 16:24 +05:30: [0mOPTIONS /api/system/processes [32m204[0m 0.131 ms - 0[0m
2025-10-30 16:24 +05:30: [0mOPTIONS /api/system/health [32m204[0m 0.101 ms - 0[0m
2025-10-30 16:24 +05:30: [0mGET /api/system/info [32m200[0m 15.543 ms - 514[0m
2025-10-30 16:24 +05:30: [0mGET /api/system/processes [32m200[0m 168.984 ms - -[0m
2025-10-30 16:24 +05:30: [0mOPTIONS /api/system/process-stats [32m204[0m 0.201 ms - 0[0m
2025-10-30 16:24 +05:30: [0mOPTIONS /api/system/network [32m204[0m 0.207 ms - 0[0m
2025-10-30 16:24 +05:30: [0mGET /api/system/process-stats [32m200[0m 13.828 ms - 815[0m
2025-10-30 16:24 +05:30: [0mGET /api/system/performance [32m200[0m 46.913 ms - -[0m
2025-10-30 16:24 +05:30: [0mGET /api/system/memory [32m200[0m 57.046 ms - 297[0m
2025-10-30 16:24 +05:30: [0mGET /api/system/health [32m200[0m 52.669 ms - 269[0m
2025-10-30 16:24 +05:30: [0mGET /api/system/cpu [32m200[0m 67.125 ms - -[0m
2025-10-30 16:24 +05:30: [0mGET /api/system/network [36m304[0m 29.809 ms - -[0m
2025-10-30 16:24 +05:30: 🔄 Enhanced System Monitor: Continuous monitoring started
2025-10-30 16:24 +05:30: ✅ Enhanced System Monitor: Connected to PM2
2025-10-30 16:24 +05:30: ✅ Database connected successfully
2025-10-30 16:24 +05:30: 🚀 CMSCRM Backend Server running on http://192.168.31.65:5000
2025-10-30 16:24 +05:30: 📊 Environment: development
2025-10-30 16:24 +05:30: 🔗 Health Check: http://192.168.31.65:5000/health
2025-10-30 16:24 +05:30: 📚 API Base: http://192.168.31.65:5000/api
2025-10-30 16:25 +05:30: [0mOPTIONS /api/system/cpu [32m204[0m 1.068 ms - 0[0m
2025-10-30 16:25 +05:30: [0mOPTIONS /api/system/memory [32m204[0m 0.189 ms - 0[0m
2025-10-30 16:25 +05:30: [0mOPTIONS /api/system/performance [32m204[0m 0.115 ms - 0[0m
2025-10-30 16:25 +05:30: [0mOPTIONS /api/system/info [32m204[0m 0.099 ms - 0[0m
2025-10-30 16:25 +05:30: [0mOPTIONS /api/system/processes [32m204[0m 0.100 ms - 0[0m
2025-10-30 16:25 +05:30: [0mOPTIONS /api/system/health [32m204[0m 0.160 ms - 0[0m
2025-10-30 16:25 +05:30: [0mOPTIONS /api/system/network [32m204[0m 0.111 ms - 0[0m
2025-10-30 16:25 +05:30: [0mOPTIONS /api/system/process-stats [32m204[0m 0.103 ms - 0[0m
2025-10-30 16:25 +05:30: [0mGET /api/system/cpu [32m200[0m 17.332 ms - -[0m
2025-10-30 16:25 +05:30: [0mGET /api/system/memory [32m200[0m 32.794 ms - 296[0m
2025-10-30 16:25 +05:30: [0mGET /api/system/performance [32m200[0m 28.579 ms - -[0m
2025-10-30 16:25 +05:30: [0mGET /api/system/info [32m200[0m 5.479 ms - 514[0m
2025-10-30 16:25 +05:30: [0mGET /api/system/health [32m200[0m 3.333 ms - 269[0m
2025-10-30 16:25 +05:30: [0mGET /api/system/network [36m304[0m 9.078 ms - -[0m
2025-10-30 16:25 +05:30: [0mGET /api/system/process-stats [32m200[0m 3.641 ms - 816[0m
2025-10-30 16:25 +05:30: [0mGET /api/system/processes [32m200[0m 143.653 ms - -[0m
2025-10-30 16:26 +05:30: 🔄 Enhanced System Monitor: Continuous monitoring started
2025-10-30 16:26 +05:30: ✅ Enhanced System Monitor: Connected to PM2
2025-10-30 16:26 +05:30: ✅ Database connected successfully
2025-10-30 16:26 +05:30: 🔄 Enhanced System Monitor: Continuous monitoring started
2025-10-30 16:26 +05:30: ✅ Enhanced System Monitor: Connected to PM2
2025-10-30 16:26 +05:30: ✅ Database connected successfully
2025-10-30 16:26 +05:30: 🔄 Enhanced System Monitor: Continuous monitoring started
2025-10-30 16:26 +05:30: ✅ Enhanced System Monitor: Connected to PM2
2025-10-30 16:26 +05:30: ✅ Database connected successfully
2025-10-30 16:26 +05:30: 🔄 Enhanced System Monitor: Continuous monitoring started
2025-10-30 16:26 +05:30: ✅ Enhanced System Monitor: Connected to PM2
2025-10-30 16:26 +05:30: ✅ Database connected successfully
2025-10-30 16:26 +05:30: 🔄 Enhanced System Monitor: Continuous monitoring started
2025-10-30 16:26 +05:30: ✅ Enhanced System Monitor: Connected to PM2
2025-10-30 16:26 +05:30: ✅ Database connected successfully
2025-10-30 16:26 +05:30: 🔄 Enhanced System Monitor: Continuous monitoring started
2025-10-30 16:26 +05:30: ✅ Enhanced System Monitor: Connected to PM2
2025-10-30 16:26 +05:30: ✅ Database connected successfully
2025-10-30 16:26 +05:30: 🔄 Enhanced System Monitor: Continuous monitoring started
2025-10-30 16:26 +05:30: ✅ Enhanced System Monitor: Connected to PM2
2025-10-30 16:26 +05:30: ✅ Database connected successfully
2025-10-30 16:26 +05:30: 🔄 Enhanced System Monitor: Continuous monitoring started
2025-10-30 16:26 +05:30: ✅ Enhanced System Monitor: Connected to PM2
2025-10-30 16:26 +05:30: ✅ Database connected successfully
2025-10-30 16:26 +05:30: 🔄 Enhanced System Monitor: Continuous monitoring started
2025-10-30 16:26 +05:30: ✅ Enhanced System Monitor: Connected to PM2
2025-10-30 16:26 +05:30: ✅ Database connected successfully
2025-10-30 16:27 +05:30: 🔄 Enhanced System Monitor: Continuous monitoring started
2025-10-30 16:27 +05:30: ✅ Enhanced System Monitor: Connected to PM2
2025-10-30 16:27 +05:30: ✅ Database connected successfully
2025-10-30 16:27 +05:30: 🔄 Enhanced System Monitor: Continuous monitoring started
2025-10-30 16:27 +05:30: ✅ Enhanced System Monitor: Connected to PM2
2025-10-30 16:27 +05:30: ✅ Database connected successfully
2025-10-30 16:27 +05:30: 🔄 Enhanced System Monitor: Continuous monitoring started
2025-10-30 16:27 +05:30: ✅ Enhanced System Monitor: Connected to PM2
2025-10-30 16:27 +05:30: ✅ Database connected successfully
2025-10-30 16:27 +05:30: 🔄 Enhanced System Monitor: Continuous monitoring started
2025-10-30 16:27 +05:30: ✅ Enhanced System Monitor: Connected to PM2
2025-10-30 16:27 +05:30: ✅ Database connected successfully
2025-10-30 16:27 +05:30: 🔄 Enhanced System Monitor: Continuous monitoring started
2025-10-30 16:27 +05:30: ✅ Enhanced System Monitor: Connected to PM2
2025-10-30 16:27 +05:30: ✅ Database connected successfully
2025-10-30 16:27 +05:30: 🔄 Enhanced System Monitor: Continuous monitoring started
2025-10-30 16:27 +05:30: ✅ Enhanced System Monitor: Connected to PM2
2025-10-30 16:27 +05:30: ✅ Database connected successfully
2025-10-30 16:27 +05:30: 🔄 Enhanced System Monitor: Continuous monitoring started
2025-10-30 16:27 +05:30: ✅ Enhanced System Monitor: Connected to PM2
2025-10-30 16:27 +05:30: ✅ Database connected successfully
2025-10-30 16:27 +05:30: 🔄 Enhanced System Monitor: Continuous monitoring started
2025-10-30 16:27 +05:30: ✅ Enhanced System Monitor: Connected to PM2
2025-10-30 16:27 +05:30: ✅ Database connected successfully
2025-10-30 16:27 +05:30: 🔄 Enhanced System Monitor: Continuous monitoring started
2025-10-30 16:27 +05:30: ✅ Enhanced System Monitor: Connected to PM2
2025-10-30 16:27 +05:30: ✅ Database connected successfully
2025-10-30 16:27 +05:30: 🔄 Enhanced System Monitor: Continuous monitoring started
2025-10-30 16:27 +05:30: ✅ Enhanced System Monitor: Connected to PM2
2025-10-30 16:27 +05:30: ✅ Database connected successfully
2025-10-30 16:27 +05:30: 🔄 Enhanced System Monitor: Continuous monitoring started
2025-10-30 16:27 +05:30: ✅ Enhanced System Monitor: Connected to PM2
2025-10-30 16:27 +05:30: ✅ Database connected successfully
2025-10-30 16:29 +05:30: 🔄 Enhanced System Monitor: Continuous monitoring started
2025-10-30 16:29 +05:30: ✅ Enhanced System Monitor: Connected to PM2
2025-10-30 16:29 +05:30: ✅ Database connected successfully
2025-10-30 16:29 +05:30: 🚀 CMSCRM Backend Server running on http://192.168.31.65:5000
2025-10-30 16:29 +05:30: 📊 Environment: development
2025-10-30 16:29 +05:30: 🔗 Health Check: http://192.168.31.65:5000/health
2025-10-30 16:29 +05:30: 📚 API Base: http://192.168.31.65:5000/api
2025-10-30 16:29 +05:30: [0mOPTIONS /api/system/info [32m204[0m 1.069 ms - 0[0m
2025-10-30 16:29 +05:30: [0mOPTIONS /api/system/processes [32m204[0m 0.170 ms - 0[0m
2025-10-30 16:29 +05:30: [0mOPTIONS /api/system/health [32m204[0m 0.115 ms - 0[0m
2025-10-30 16:29 +05:30: [0mOPTIONS /api/system/network [32m204[0m 0.186 ms - 0[0m
2025-10-30 16:29 +05:30: [0mOPTIONS /api/system/process-stats [32m204[0m 0.103 ms - 0[0m
2025-10-30 16:29 +05:30: 🔄 Enhanced System Monitor: Continuous monitoring started
2025-10-30 16:29 +05:30: ✅ Enhanced System Monitor: Connected to PM2
2025-10-30 16:29 +05:30: ✅ Database connected successfully
2025-10-30 16:29 +05:30: 🚀 CMSCRM Backend Server running on http://192.168.31.65:5000
2025-10-30 16:29 +05:30: 📊 Environment: development
2025-10-30 16:29 +05:30: 🔗 Health Check: http://192.168.31.65:5000/health
2025-10-30 16:29 +05:30: 📚 API Base: http://192.168.31.65:5000/api
2025-10-30 16:29 +05:30: 🔄 Enhanced System Monitor: Continuous monitoring started
2025-10-30 16:29 +05:30: ✅ Enhanced System Monitor: Connected to PM2
2025-10-30 16:29 +05:30: ✅ Database connected successfully
2025-10-30 16:29 +05:30: 🔄 Enhanced System Monitor: Continuous monitoring started
2025-10-30 16:29 +05:30: ✅ Enhanced System Monitor: Connected to PM2
2025-10-30 16:29 +05:30: ✅ Database connected successfully
2025-10-30 16:29 +05:30: 🔄 Enhanced System Monitor: Continuous monitoring started
2025-10-30 16:29 +05:30: ✅ Enhanced System Monitor: Connected to PM2
2025-10-30 16:29 +05:30: ✅ Database connected successfully
2025-10-30 16:29 +05:30: 🔄 Enhanced System Monitor: Continuous monitoring started
2025-10-30 16:29 +05:30: ✅ Enhanced System Monitor: Connected to PM2
2025-10-30 16:29 +05:30: ✅ Database connected successfully
2025-10-30 16:29 +05:30: 🔄 Enhanced System Monitor: Continuous monitoring started
2025-10-30 16:29 +05:30: ✅ Enhanced System Monitor: Connected to PM2
2025-10-30 16:29 +05:30: ✅ Database connected successfully
2025-10-30 16:29 +05:30: 🔄 Enhanced System Monitor: Continuous monitoring started
2025-10-30 16:29 +05:30: ✅ Enhanced System Monitor: Connected to PM2
2025-10-30 16:29 +05:30: ✅ Database connected successfully
2025-10-30 16:29 +05:30: 🔄 Enhanced System Monitor: Continuous monitoring started
2025-10-30 16:29 +05:30: ✅ Enhanced System Monitor: Connected to PM2
2025-10-30 16:29 +05:30: ✅ Database connected successfully
2025-10-30 16:29 +05:30: 🔄 Enhanced System Monitor: Continuous monitoring started
2025-10-30 16:29 +05:30: ✅ Enhanced System Monitor: Connected to PM2
2025-10-30 16:29 +05:30: ✅ Database connected successfully
2025-10-30 16:29 +05:30: 🔄 Enhanced System Monitor: Continuous monitoring started
2025-10-30 16:29 +05:30: ✅ Enhanced System Monitor: Connected to PM2
2025-10-30 16:29 +05:30: ✅ Database connected successfully
2025-10-30 16:33 +05:30: 🔄 Enhanced System Monitor: Continuous monitoring started
2025-10-30 16:33 +05:30: ✅ Enhanced System Monitor: Connected to PM2
2025-10-30 16:33 +05:30: ✅ Database connected successfully
2025-10-30 16:33 +05:30: 🔄 Enhanced System Monitor: Continuous monitoring started
2025-10-30 16:33 +05:30: ✅ Enhanced System Monitor: Connected to PM2
2025-10-30 16:33 +05:30: ✅ Database connected successfully
2025-10-30 16:33 +05:30: 🔄 Enhanced System Monitor: Continuous monitoring started
2025-10-30 16:33 +05:30: ✅ Enhanced System Monitor: Connected to PM2
2025-10-30 16:33 +05:30: ✅ Database connected successfully
2025-10-30 16:33 +05:30: 🔄 Enhanced System Monitor: Continuous monitoring started
2025-10-30 16:33 +05:30: ✅ Enhanced System Monitor: Connected to PM2
2025-10-30 16:33 +05:30: ✅ Database connected successfully
2025-10-30 16:33 +05:30: 🔄 Enhanced System Monitor: Continuous monitoring started
2025-10-30 16:33 +05:30: ✅ Enhanced System Monitor: Connected to PM2
2025-10-30 16:33 +05:30: ✅ Database connected successfully
2025-10-30 16:33 +05:30: 🔄 Enhanced System Monitor: Continuous monitoring started
2025-10-30 16:33 +05:30: ✅ Enhanced System Monitor: Connected to PM2
2025-10-30 16:33 +05:30: ✅ Database connected successfully
2025-10-30 16:33 +05:30: 🔄 Enhanced System Monitor: Continuous monitoring started
2025-10-30 16:33 +05:30: ✅ Enhanced System Monitor: Connected to PM2
2025-10-30 16:33 +05:30: ✅ Database connected successfully
2025-10-30 16:33 +05:30: 🔄 Enhanced System Monitor: Continuous monitoring started
2025-10-30 16:33 +05:30: ✅ Enhanced System Monitor: Connected to PM2
2025-10-30 16:33 +05:30: ✅ Database connected successfully
2025-10-30 16:33 +05:30: 🔄 Enhanced System Monitor: Continuous monitoring started
2025-10-30 16:33 +05:30: ✅ Enhanced System Monitor: Connected to PM2
2025-10-30 16:33 +05:30: ✅ Database connected successfully
2025-10-30 16:33 +05:30: 🔄 Enhanced System Monitor: Continuous monitoring started
2025-10-30 16:33 +05:30: ✅ Enhanced System Monitor: Connected to PM2
2025-10-30 16:33 +05:30: ✅ Database connected successfully
2025-10-30 16:35 +05:30: 🔄 Enhanced System Monitor: Continuous monitoring started
2025-10-30 16:35 +05:30: ✅ Enhanced System Monitor: Connected to PM2
2025-10-30 16:35 +05:30: ✅ Database connected successfully
2025-10-30 16:35 +05:30: 🔄 Enhanced System Monitor: Continuous monitoring started
2025-10-30 16:35 +05:30: ✅ Enhanced System Monitor: Connected to PM2
2025-10-30 16:35 +05:30: ✅ Database connected successfully
2025-10-30 16:35 +05:30: 🔄 Enhanced System Monitor: Continuous monitoring started
2025-10-30 16:35 +05:30: ✅ Enhanced System Monitor: Connected to PM2
2025-10-30 16:35 +05:30: ✅ Database connected successfully
2025-10-30 16:35 +05:30: 🔄 Enhanced System Monitor: Continuous monitoring started
2025-10-30 16:35 +05:30: ✅ Enhanced System Monitor: Connected to PM2
2025-10-30 16:35 +05:30: ✅ Database connected successfully
2025-10-30 16:35 +05:30: 🔄 Enhanced System Monitor: Continuous monitoring started
2025-10-30 16:35 +05:30: ✅ Enhanced System Monitor: Connected to PM2
2025-10-30 16:35 +05:30: ✅ Database connected successfully
2025-10-30 16:35 +05:30: 🔄 Enhanced System Monitor: Continuous monitoring started
2025-10-30 16:35 +05:30: ✅ Enhanced System Monitor: Connected to PM2
2025-10-30 16:35 +05:30: ✅ Database connected successfully
2025-10-30 16:35 +05:30: 🔄 Enhanced System Monitor: Continuous monitoring started
2025-10-30 16:35 +05:30: ✅ Enhanced System Monitor: Connected to PM2
2025-10-30 16:35 +05:30: ✅ Database connected successfully
2025-10-30 16:35 +05:30: 🔄 Enhanced System Monitor: Continuous monitoring started
2025-10-30 16:35 +05:30: ✅ Enhanced System Monitor: Connected to PM2
2025-10-30 16:35 +05:30: ✅ Database connected successfully
2025-10-30 16:35 +05:30: 🔄 Enhanced System Monitor: Continuous monitoring started
2025-10-30 16:35 +05:30: ✅ Enhanced System Monitor: Connected to PM2
2025-10-30 16:35 +05:30: ✅ Database connected successfully
2025-10-30 16:35 +05:30: 🔄 Enhanced System Monitor: Continuous monitoring started
2025-10-30 16:35 +05:30: ✅ Enhanced System Monitor: Connected to PM2
2025-10-30 16:35 +05:30: ✅ Database connected successfully
2025-10-30 16:37 +05:30: 🔄 Enhanced System Monitor: Continuous monitoring started
2025-10-30 16:37 +05:30: ✅ Enhanced System Monitor: Connected to PM2
2025-10-30 16:37 +05:30: ✅ Database connected successfully
2025-10-30 16:37 +05:30: 🔄 Enhanced System Monitor: Continuous monitoring started
2025-10-30 16:37 +05:30: ✅ Enhanced System Monitor: Connected to PM2
2025-10-30 16:37 +05:30: ✅ Database connected successfully
2025-10-30 16:37 +05:30: 🔄 Enhanced System Monitor: Continuous monitoring started
2025-10-30 16:37 +05:30: ✅ Enhanced System Monitor: Connected to PM2
2025-10-30 16:37 +05:30: ✅ Database connected successfully
2025-10-30 16:37 +05:30: 🔄 Enhanced System Monitor: Continuous monitoring started
2025-10-30 16:37 +05:30: ✅ Enhanced System Monitor: Connected to PM2
2025-10-30 16:37 +05:30: ✅ Database connected successfully
2025-10-30 16:37 +05:30: 🔄 Enhanced System Monitor: Continuous monitoring started
2025-10-30 16:37 +05:30: ✅ Enhanced System Monitor: Connected to PM2
2025-10-30 16:37 +05:30: ✅ Database connected successfully
2025-10-30 16:37 +05:30: 🔄 Enhanced System Monitor: Continuous monitoring started
2025-10-30 16:37 +05:30: ✅ Enhanced System Monitor: Connected to PM2
2025-10-30 16:37 +05:30: ✅ Database connected successfully
2025-10-30 16:37 +05:30: 🔄 Enhanced System Monitor: Continuous monitoring started
2025-10-30 16:37 +05:30: ✅ Enhanced System Monitor: Connected to PM2
2025-10-30 16:37 +05:30: ✅ Database connected successfully
2025-10-30 16:37 +05:30: 🔄 Enhanced System Monitor: Continuous monitoring started
2025-10-30 16:37 +05:30: ✅ Enhanced System Monitor: Connected to PM2
2025-10-30 16:37 +05:30: ✅ Database connected successfully
2025-10-30 16:37 +05:30: 🔄 Enhanced System Monitor: Continuous monitoring started
2025-10-30 16:37 +05:30: ✅ Enhanced System Monitor: Connected to PM2
2025-10-30 16:37 +05:30: ✅ Database connected successfully
2025-10-30 16:37 +05:30: 🔄 Enhanced System Monitor: Continuous monitoring started
2025-10-30 16:37 +05:30: ✅ Enhanced System Monitor: Connected to PM2
2025-10-30 16:37 +05:30: ✅ Database connected successfully
2025-10-30 16:38 +05:30: 🔄 Enhanced System Monitor: Continuous monitoring started
2025-10-30 16:38 +05:30: ✅ Enhanced System Monitor: Connected to PM2
2025-10-30 16:38 +05:30: ✅ Database connected successfully
2025-10-30 16:38 +05:30: 🔄 Enhanced System Monitor: Continuous monitoring started
2025-10-30 16:38 +05:30: ✅ Enhanced System Monitor: Connected to PM2
2025-10-30 16:38 +05:30: ✅ Database connected successfully
2025-10-30 16:38 +05:30: 🔄 Enhanced System Monitor: Continuous monitoring started
2025-10-30 16:38 +05:30: ✅ Enhanced System Monitor: Connected to PM2
2025-10-30 16:38 +05:30: ✅ Database connected successfully
2025-10-30 16:38 +05:30: 🔄 Enhanced System Monitor: Continuous monitoring started
2025-10-30 16:38 +05:30: ✅ Enhanced System Monitor: Connected to PM2
2025-10-30 16:38 +05:30: ✅ Database connected successfully
2025-10-30 16:38 +05:30: 🔄 Enhanced System Monitor: Continuous monitoring started
2025-10-30 16:38 +05:30: ✅ Enhanced System Monitor: Connected to PM2
2025-10-30 16:38 +05:30: ✅ Database connected successfully
2025-10-30 16:38 +05:30: 🔄 Enhanced System Monitor: Continuous monitoring started
2025-10-30 16:38 +05:30: ✅ Enhanced System Monitor: Connected to PM2
2025-10-30 16:38 +05:30: ✅ Database connected successfully
2025-10-30 16:38 +05:30: 🔄 Enhanced System Monitor: Continuous monitoring started
2025-10-30 16:38 +05:30: ✅ Enhanced System Monitor: Connected to PM2
2025-10-30 16:38 +05:30: ✅ Database connected successfully
2025-10-30 16:38 +05:30: 🔄 Enhanced System Monitor: Continuous monitoring started
2025-10-30 16:38 +05:30: ✅ Enhanced System Monitor: Connected to PM2
2025-10-30 16:38 +05:30: ✅ Database connected successfully
2025-10-30 16:38 +05:30: 🔄 Enhanced System Monitor: Continuous monitoring started
2025-10-30 16:38 +05:30: ✅ Enhanced System Monitor: Connected to PM2
2025-10-30 16:38 +05:30: ✅ Database connected successfully
2025-10-30 16:38 +05:30: 🔄 Enhanced System Monitor: Continuous monitoring started
2025-10-30 16:38 +05:30: ✅ Enhanced System Monitor: Connected to PM2
2025-10-30 16:38 +05:30: ✅ Database connected successfully
2025-10-30 16:39 +05:30: 🔄 Enhanced System Monitor: Continuous monitoring started
2025-10-30 16:39 +05:30: ✅ Enhanced System Monitor: Connected to PM2
2025-10-30 16:39 +05:30: ✅ Database connected successfully
2025-10-30 16:39 +05:30: 🔄 Enhanced System Monitor: Continuous monitoring started
2025-10-30 16:39 +05:30: ✅ Enhanced System Monitor: Connected to PM2
2025-10-30 16:39 +05:30: ✅ Database connected successfully
2025-10-30 16:40 +05:30: 🔄 Enhanced System Monitor: Continuous monitoring started
2025-10-30 16:40 +05:30: ✅ Enhanced System Monitor: Connected to PM2
2025-10-30 16:40 +05:30: ✅ Database connected successfully
2025-10-30 16:40 +05:30: 🔄 Enhanced System Monitor: Continuous monitoring started
2025-10-30 16:40 +05:30: ✅ Enhanced System Monitor: Connected to PM2
2025-10-30 16:40 +05:30: ✅ Database connected successfully
2025-10-30 16:40 +05:30: 🔄 Enhanced System Monitor: Continuous monitoring started
2025-10-30 16:40 +05:30: ✅ Enhanced System Monitor: Connected to PM2
2025-10-30 16:40 +05:30: ✅ Database connected successfully
2025-10-30 16:40 +05:30: 🔄 Enhanced System Monitor: Continuous monitoring started
2025-10-30 16:40 +05:30: ✅ Enhanced System Monitor: Connected to PM2
2025-10-30 16:40 +05:30: ✅ Database connected successfully
2025-10-30 16:40 +05:30: 🔄 Enhanced System Monitor: Continuous monitoring started
2025-10-30 16:40 +05:30: ✅ Enhanced System Monitor: Connected to PM2
2025-10-30 16:40 +05:30: ✅ Database connected successfully
2025-10-30 16:40 +05:30: 🔄 Enhanced System Monitor: Continuous monitoring started
2025-10-30 16:40 +05:30: ✅ Enhanced System Monitor: Connected to PM2
2025-10-30 16:40 +05:30: ✅ Database connected successfully
2025-10-30 16:40 +05:30: 🔄 Enhanced System Monitor: Continuous monitoring started
2025-10-30 16:40 +05:30: ✅ Enhanced System Monitor: Connected to PM2
2025-10-30 16:40 +05:30: ✅ Database connected successfully
2025-10-30 16:40 +05:30: 🔄 Enhanced System Monitor: Continuous monitoring started
2025-10-30 16:40 +05:30: ✅ Enhanced System Monitor: Connected to PM2
2025-10-30 16:40 +05:30: ✅ Database connected successfully
2025-10-30 16:41 +05:30: 🔄 Enhanced System Monitor: Continuous monitoring started
2025-10-30 16:41 +05:30: ✅ Enhanced System Monitor: Connected to PM2
2025-10-30 16:41 +05:30: ✅ Database connected successfully
2025-10-30 16:41 +05:30: 🚀 CMSCRM Backend Server running on http://192.168.31.65:5000
2025-10-30 16:41 +05:30: 📊 Environment: development
2025-10-30 16:41 +05:30: 🔗 Health Check: http://192.168.31.65:5000/health
2025-10-30 16:41 +05:30: 📚 API Base: http://192.168.31.65:5000/api
2025-10-30 16:42 +05:30: 🔄 Enhanced System Monitor: Continuous monitoring started
2025-10-30 16:42 +05:30: ✅ Enhanced System Monitor: Connected to PM2
2025-10-30 16:42 +05:30: ✅ Database connected successfully
2025-10-30 16:42 +05:30: 🚀 CMSCRM Backend Server running on http://192.168.31.65:5000
2025-10-30 16:42 +05:30: 📊 Environment: development
2025-10-30 16:42 +05:30: 🔗 Health Check: http://192.168.31.65:5000/health
2025-10-30 16:42 +05:30: 📚 API Base: http://192.168.31.65:5000/api
2025-10-30 16:42 +05:30: [0mGET /api [32m200[0m 4.715 ms - 351[0m
2025-10-30 16:42 +05:30: [0mOPTIONS /api/system/info [32m204[0m 0.924 ms - 0[0m
2025-10-30 16:42 +05:30: [0mOPTIONS /api/system/processes [32m204[0m 0.264 ms - 0[0m
2025-10-30 16:42 +05:30: [0mOPTIONS /api/system/health [32m204[0m 0.213 ms - 0[0m
2025-10-30 16:42 +05:30: [0mOPTIONS /api/system/network [32m204[0m 0.415 ms - 0[0m
2025-10-30 16:42 +05:30: [0mOPTIONS /api/system/process-stats [32m204[0m 0.216 ms - 0[0m
2025-10-30 16:42 +05:30: [0mOPTIONS /api/system/performance [32m204[0m 0.190 ms - 0[0m
2025-10-30 16:42 +05:30: [0mOPTIONS /api/system/cpu [32m204[0m 0.345 ms - 0[0m
2025-10-30 16:42 +05:30: [0mOPTIONS /api/system/memory [32m204[0m 0.334 ms - 0[0m
2025-10-30 16:42 +05:30: [0mOPTIONS /api/system/info [32m204[0m 0.398 ms - 0[0m
2025-10-30 16:42 +05:30: [0mOPTIONS /api/system/processes [32m204[0m 0.242 ms - 0[0m
2025-10-30 16:42 +05:30: [0mOPTIONS /api/system/health [32m204[0m 0.404 ms - 0[0m
2025-10-30 16:42 +05:30: [0mOPTIONS /api/system/network [32m204[0m 0.267 ms - 0[0m
2025-10-30 16:42 +05:30: [0mOPTIONS /api/system/process-stats [32m204[0m 0.366 ms - 0[0m
2025-10-30 16:42 +05:30: [0mGET /api/system/performance [32m200[0m 50.041 ms - -[0m
2025-10-30 16:42 +05:30: [0mGET /api/system/cpu [32m200[0m 3.177 ms - -[0m
2025-10-30 16:42 +05:30: [0mGET /api/system/memory [32m200[0m 2.315 ms - 299[0m
2025-10-30 16:42 +05:30: [0mGET /api/system/info [32m200[0m 5.069 ms - 511[0m
2025-10-30 16:42 +05:30: [0mGET /api/system/processes [32m200[0m 331.168 ms - -[0m
2025-10-30 16:42 +05:30: [0mGET /api/system/health [32m200[0m 2.944 ms - 269[0m
2025-10-30 16:42 +05:30: [0mGET /api/system/network [36m304[0m 9.665 ms - -[0m
2025-10-30 16:42 +05:30: [0mGET /api/system/process-stats [32m200[0m 3.949 ms - 814[0m
2025-10-30 16:43 +05:30: [0mOPTIONS /api/system/performance [32m204[0m 0.105 ms - 0[0m
2025-10-30 16:43 +05:30: [0mOPTIONS /api/system/cpu [32m204[0m 0.084 ms - 0[0m
2025-10-30 16:43 +05:30: [0mOPTIONS /api/system/memory [32m204[0m 0.081 ms - 0[0m
2025-10-30 16:43 +05:30: [0mOPTIONS /api/system/info [32m204[0m 0.096 ms - 0[0m
2025-10-30 16:43 +05:30: [0mOPTIONS /api/system/processes [32m204[0m 0.091 ms - 0[0m
2025-10-30 16:43 +05:30: [0mOPTIONS /api/system/health [32m204[0m 0.086 ms - 0[0m
2025-10-30 16:43 +05:30: [0mOPTIONS /api/system/network [32m204[0m 0.070 ms - 0[0m
2025-10-30 16:43 +05:30: [0mOPTIONS /api/system/process-stats [32m204[0m 0.068 ms - 0[0m
2025-10-30 16:43 +05:30: [0mGET /api/system/performance [32m200[0m 17.322 ms - -[0m
2025-10-30 16:43 +05:30: [0mGET /api/system/cpu [32m200[0m 8.519 ms - -[0m
2025-10-30 16:43 +05:30: [0mGET /api/system/memory [32m200[0m 22.169 ms - 300[0m
2025-10-30 16:43 +05:30: [0mGET /api/system/info [32m200[0m 21.709 ms - 511[0m
2025-10-30 16:43 +05:30: [0mGET /api/system/health [32m200[0m 16.888 ms - 269[0m
2025-10-30 16:43 +05:30: [0mGET /api/system/network [36m304[0m 11.604 ms - -[0m
2025-10-30 16:43 +05:30: [0mGET /api/system/process-stats [32m200[0m 10.470 ms - 815[0m
2025-10-30 16:43 +05:30: [0mGET /api/system/processes [32m200[0m 160.938 ms - -[0m
2025-10-30 16:44 +05:30: [0mOPTIONS /api/system/performance [32m204[0m 0.102 ms - 0[0m
2025-10-30 16:44 +05:30: [0mOPTIONS /api/system/cpu [32m204[0m 0.085 ms - 0[0m
2025-10-30 16:44 +05:30: [0mOPTIONS /api/system/memory [32m204[0m 0.129 ms - 0[0m
2025-10-30 16:44 +05:30: [0mOPTIONS /api/system/info [32m204[0m 0.167 ms - 0[0m
2025-10-30 16:44 +05:30: [0mOPTIONS /api/system/processes [32m204[0m 0.096 ms - 0[0m
2025-10-30 16:44 +05:30: [0mOPTIONS /api/system/health [32m204[0m 0.153 ms - 0[0m
2025-10-30 16:44 +05:30: [0mOPTIONS /api/system/network [32m204[0m 0.091 ms - 0[0m
2025-10-30 16:44 +05:30: [0mOPTIONS /api/system/process-stats [32m204[0m 0.086 ms - 0[0m
2025-10-30 16:44 +05:30: [0mGET /api/system/memory [32m200[0m 24.168 ms - 301[0m
2025-10-30 16:44 +05:30: [0mGET /api/system/info [32m200[0m 27.304 ms - 513[0m
2025-10-30 16:44 +05:30: [0mGET /api/system/health [32m200[0m 6.178 ms - 114[0m
2025-10-30 16:44 +05:30: [0mGET /api/system/performance [32m200[0m 24.602 ms - -[0m
2025-10-30 16:44 +05:30: [0mGET /api/system/cpu [32m200[0m 24.685 ms - -[0m
2025-10-30 16:44 +05:30: [0mGET /api/system/network [36m304[0m 13.660 ms - -[0m
2025-10-30 16:44 +05:30: [0mGET /api/system/process-stats [32m200[0m 11.679 ms - 816[0m
2025-10-30 16:44 +05:30: [0mGET /api/system/processes [32m200[0m 191.439 ms - -[0m
2025-10-30 16:46 +05:30: 🔄 Enhanced System Monitor: Continuous monitoring started
2025-10-30 16:46 +05:30: ✅ Enhanced System Monitor: Connected to PM2
2025-10-30 16:46 +05:30: ✅ Database connected successfully
2025-10-30 16:46 +05:30: 🔄 Enhanced System Monitor: Continuous monitoring started
2025-10-30 16:46 +05:30: ✅ Enhanced System Monitor: Connected to PM2
2025-10-30 16:46 +05:30: ✅ Database connected successfully
2025-10-30 16:46 +05:30: 🔄 Enhanced System Monitor: Continuous monitoring started
2025-10-30 16:46 +05:30: ✅ Enhanced System Monitor: Connected to PM2
2025-10-30 16:46 +05:30: ✅ Database connected successfully
2025-10-30 16:46 +05:30: 🔄 Enhanced System Monitor: Continuous monitoring started
2025-10-30 16:46 +05:30: ✅ Enhanced System Monitor: Connected to PM2
2025-10-30 16:46 +05:30: ✅ Database connected successfully
2025-10-30 16:46 +05:30: 🔄 Enhanced System Monitor: Continuous monitoring started
2025-10-30 16:46 +05:30: ✅ Enhanced System Monitor: Connected to PM2
2025-10-30 16:46 +05:30: ✅ Database connected successfully
2025-10-30 16:46 +05:30: 🔄 Enhanced System Monitor: Continuous monitoring started
2025-10-30 16:46 +05:30: ✅ Enhanced System Monitor: Connected to PM2
2025-10-30 16:46 +05:30: ✅ Database connected successfully
2025-10-30 16:46 +05:30: 🔄 Enhanced System Monitor: Continuous monitoring started
2025-10-30 16:46 +05:30: ✅ Enhanced System Monitor: Connected to PM2
2025-10-30 16:46 +05:30: ✅ Database connected successfully
2025-10-30 16:46 +05:30: 🔄 Enhanced System Monitor: Continuous monitoring started
2025-10-30 16:46 +05:30: ✅ Enhanced System Monitor: Connected to PM2
2025-10-30 16:46 +05:30: ✅ Database connected successfully
2025-10-30 16:46 +05:30: 🔄 Enhanced System Monitor: Continuous monitoring started
2025-10-30 16:46 +05:30: ✅ Enhanced System Monitor: Connected to PM2
2025-10-30 16:46 +05:30: ✅ Database connected successfully
2025-10-30 16:46 +05:30: 🔄 Enhanced System Monitor: Continuous monitoring started
2025-10-30 16:46 +05:30: ✅ Enhanced System Monitor: Connected to PM2
2025-10-30 16:46 +05:30: ✅ Database connected successfully
2025-10-30 16:49 +05:30: 🔄 Enhanced System Monitor: Continuous monitoring started
2025-10-30 16:49 +05:30: ✅ Enhanced System Monitor: Connected to PM2
2025-10-30 16:49 +05:30: ✅ Database connected successfully
2025-10-30 16:49 +05:30: 🔄 Enhanced System Monitor: Continuous monitoring started
2025-10-30 16:49 +05:30: ✅ Enhanced System Monitor: Connected to PM2
2025-10-30 16:49 +05:30: ✅ Database connected successfully
2025-10-30 16:49 +05:30: 🔄 Enhanced System Monitor: Continuous monitoring started
2025-10-30 16:49 +05:30: ✅ Enhanced System Monitor: Connected to PM2
2025-10-30 16:49 +05:30: ✅ Database connected successfully
2025-10-30 16:50 +05:30: 🔄 Enhanced System Monitor: Continuous monitoring started
2025-10-30 16:50 +05:30: ✅ Database connected successfully
2025-10-30 16:50 +05:30: 🔄 Enhanced System Monitor: Continuous monitoring started
2025-10-30 16:50 +05:30: ✅ Enhanced System Monitor: Connected to PM2
2025-10-30 16:50 +05:30: ✅ Database connected successfully
2025-10-30 16:50 +05:30: 🔄 Enhanced System Monitor: Continuous monitoring started
2025-10-30 16:50 +05:30: ✅ Enhanced System Monitor: Connected to PM2
2025-10-30 16:50 +05:30: ✅ Database connected successfully
2025-10-30 16:50 +05:30: 🔄 Enhanced System Monitor: Continuous monitoring started
2025-10-30 16:50 +05:30: ✅ Enhanced System Monitor: Connected to PM2
2025-10-30 16:50 +05:30: ✅ Database connected successfully
2025-10-30 16:50 +05:30: 🔄 Enhanced System Monitor: Continuous monitoring started
2025-10-30 16:50 +05:30: ✅ Enhanced System Monitor: Connected to PM2
2025-10-30 16:50 +05:30: ✅ Database connected successfully
2025-10-30 16:50 +05:30: 🔄 Enhanced System Monitor: Continuous monitoring started
2025-10-30 16:50 +05:30: ✅ Enhanced System Monitor: Connected to PM2
2025-10-30 16:50 +05:30: ✅ Database connected successfully
2025-10-30 16:50 +05:30: 🔄 Enhanced System Monitor: Continuous monitoring started
2025-10-30 16:50 +05:30: ✅ Enhanced System Monitor: Connected to PM2
2025-10-30 16:50 +05:30: ✅ Database connected successfully
2025-11-12 15:35 +05:30: 🔄 Enhanced System Monitor: Continuous monitoring started
2025-11-12 15:35 +05:30: ✅ Enhanced System Monitor: Connected to PM2
2025-11-12 15:35 +05:30: ✅ Database connected successfully
2025-11-12 15:35 +05:30: 🚀 CMSCRM Backend Server running on http://192.168.1.34:5000
2025-11-12 15:35 +05:30: 📊 Environment: development
2025-11-12 15:35 +05:30: 🔗 Health Check: http://192.168.1.34:5000/health
2025-11-12 15:35 +05:30: 📚 API Base: http://192.168.1.34:5000/api
2025-11-12 15:38 +05:30: 🔄 Enhanced System Monitor: Continuous monitoring started
2025-11-12 15:38 +05:30: ✅ Enhanced System Monitor: Connected to PM2
2025-11-12 15:38 +05:30: ✅ Database connected successfully
2025-11-12 15:38 +05:30: 🚀 CMSCRM Backend Server running on http://192.168.1.34:5000
2025-11-12 15:38 +05:30: 📊 Environment: development
2025-11-12 15:38 +05:30: 🔗 Health Check: http://192.168.1.34:5000/health
2025-11-12 15:38 +05:30: 📚 API Base: http://192.168.1.34:5000/api
2025-11-12 15:38 +05:30: 🔄 Enhanced System Monitor: Continuous monitoring started
2025-11-12 15:38 +05:30: ✅ Enhanced System Monitor: Connected to PM2
2025-11-12 15:38 +05:30: ✅ Database connected successfully
2025-11-12 15:38 +05:30: 🚀 CMSCRM Backend Server running on http://192.168.1.34:5000
2025-11-12 15:38 +05:30: 📊 Environment: development
2025-11-12 15:38 +05:30: 🔗 Health Check: http://192.168.1.34:5000/health
2025-11-12 15:38 +05:30: 📚 API Base: http://192.168.1.34:5000/api
