2025-11-11 13:07 +05:30: Delete page error: Error: Cannot delete page with assigned roles
2025-11-11 13:07 +05:30:     at Page.delete (C:\Users\MES WM\Dashborad_server-main\CMSCRM\backend\src\models\page.js:169:13)
2025-11-11 13:07 +05:30:     at process.processTicksAndRejections (node:internal/process/task_queues:105:5)
2025-11-11 13:07 +05:30:     at async deletePage (C:\Users\MES WM\Dashborad_server-main\CMSCRM\backend\src\controllers\pageController.js:245:23)
2025-11-12 14:53 +05:30: Error: listen EADDRNOTAVAIL: address not available 192.168.1.34:5000
2025-11-12 14:53 +05:30:     at Server.setupListenHandle [as _listen2] (node:net:1918:21)
2025-11-12 14:53 +05:30:     at listenInCluster (node:net:1997:12)
2025-11-12 14:53 +05:30:     at node:net:2206:7
2025-11-12 14:53 +05:30:     at process.processTicksAndRejections (node:internal/process/task_queues:90:21) {
2025-11-12 14:53 +05:30:   code: 'EADDRNOTAVAIL',
2025-11-12 14:53 +05:30:   errno: -4090,
2025-11-12 14:53 +05:30:   syscall: 'listen',
2025-11-12 14:53 +05:30:   address: '192.168.1.34',
2025-11-12 14:53 +05:30:   port: 5000
2025-11-12 14:53 +05:30: }
2025-11-12 14:53 +05:30: Uncaught Exception: Error: listen EADDRNOTAVAIL: address not available 192.168.1.34:5000
2025-11-12 14:53 +05:30:     at Server.setupListenHandle [as _listen2] (node:net:1918:21)
2025-11-12 14:53 +05:30:     at listenInCluster (node:net:1997:12)
2025-11-12 14:53 +05:30:     at node:net:2206:7
2025-11-12 14:53 +05:30:     at process.processTicksAndRejections (node:internal/process/task_queues:90:21) {
2025-11-12 14:53 +05:30:   code: 'EADDRNOTAVAIL',
2025-11-12 14:53 +05:30:   errno: -4090,
2025-11-12 14:53 +05:30:   syscall: 'listen',
2025-11-12 14:53 +05:30:   address: '192.168.1.34',
2025-11-12 14:53 +05:30:   port: 5000
2025-11-12 14:53 +05:30: }
2025-11-14 11:16 +05:30: Database query error: Too many connections
2025-11-14 11:16 +05:30: ❌ Failed to start server: Too many connections
2025-11-14 11:16 +05:30: Database query error: Too many connections
2025-11-14 11:16 +05:30: ❌ Failed to start server: Too many connections
2025-11-14 11:16 +05:30: Database query error: Too many connections
2025-11-14 11:16 +05:30: ❌ Failed to start server: Too many connections
2025-11-14 11:16 +05:30: Database query error: Too many connections
2025-11-14 11:16 +05:30: ❌ Failed to start server: Too many connections
2025-11-14 11:16 +05:30: Database query error: Too many connections
2025-11-14 11:16 +05:30: ❌ Failed to start server: Too many connections
2025-11-14 11:16 +05:30: Database query error: Too many connections
2025-11-14 11:16 +05:30: ❌ Failed to start server: Too many connections
2025-11-14 11:16 +05:30: Database query error: Too many connections
2025-11-14 11:16 +05:30: ❌ Failed to start server: Too many connections
2025-11-14 11:16 +05:30: Database query error: Too many connections
2025-11-14 11:16 +05:30: ❌ Failed to start server: Too many connections
2025-11-14 11:16 +05:30: Database query error: Too many connections
2025-11-14 11:16 +05:30: ❌ Failed to start server: Too many connections
2025-11-14 11:16 +05:30: Database query error: Too many connections
2025-11-14 11:16 +05:30: ❌ Failed to start server: Too many connections
2025-11-14 11:16 +05:30: Database query error: Too many connections
2025-11-14 11:16 +05:30: ❌ Failed to start server: Too many connections
2026-02-06 14:12 +05:30: Delete page error: Error: Cannot delete page with assigned roles
2026-02-06 14:12 +05:30:     at Page.delete (C:\Users\MES WM\Dashborad_server-main\CMSCRM\backend\src\models\page.js:169:13)
2026-02-06 14:12 +05:30:     at process.processTicksAndRejections (node:internal/process/task_queues:105:5)
2026-02-06 14:12 +05:30:     at async deletePage (C:\Users\MES WM\Dashborad_server-main\CMSCRM\backend\src\controllers\pageController.js:245:23)
2026-02-06 14:13 +05:30: Delete page error: Error: Cannot delete page with assigned roles
2026-02-06 14:13 +05:30:     at Page.delete (C:\Users\MES WM\Dashborad_server-main\CMSCRM\backend\src\models\page.js:169:13)
2026-02-06 14:13 +05:30:     at process.processTicksAndRejections (node:internal/process/task_queues:105:5)
2026-02-06 14:13 +05:30:     at async deletePage (C:\Users\MES WM\Dashborad_server-main\CMSCRM\backend\src\controllers\pageController.js:245:23)
